// Jest Snapshot v1, https://goo.gl/fbAQLP

exports[`options/app Should render correctly 1`] = `
<section
  class="section"
>
  <div
    class="container"
  >
    <div
      class="centered"
    >
      <img
        src="../../assets/icons/icon128.png"
      />
       
      <h1
        class="title"
      >
        LinkedIn Video Downloader
      </h1>
    </div>
     
    <b-message-stub
      class="options"
      title="Options"
      type="is-primary"
    >
      <div
        class="option"
      >
        <div
          class="option-title"
        >
          Button's vertical position:
        </div>
         
        <div>
          <b-radio-stub
            name="button-position-vertical"
            native-value="top"
            value="top"
          >
            
            Top
          
          </b-radio-stub>
           
          <b-radio-stub
            name="button-position-vertical"
            native-value="bottom"
            value="top"
          >
            
            Bottom
          
          </b-radio-stub>
        </div>
      </div>
       
      <div
        class="option"
      >
        <div
          class="option-title"
        >
          Button's horizontal position:
        </div>
         
        <div>
          <b-radio-stub
            name="button-position-horizontal"
            native-value="left"
            value="left"
          >
            
            Left
          
          </b-radio-stub>
           
          <b-radio-stub
            name="button-position-horizontal"
            native-value="right"
            value="left"
          >
            
            Right
          
          </b-radio-stub>
        </div>
      </div>
       
      <div
        class="option"
      >
        <div
          class="option-title"
        >
          Filename:
        </div>
         
        <b-field-stub>
          <b-input-stub
            name="filename-input"
            rounded=""
            value="linkedin-video"
          />
        </b-field-stub>
      </div>
       
      <b-button-stub
        class="btn center"
        disabled="true"
        outlined=""
        rounded=""
        size="is-medium"
        type="is-primary"
      >
        
        Save
      
      </b-button-stub>
    </b-message-stub>
     
    <b-notification-stub
      type="is-primary"
    >
      
      Thank you for using LinkedIn Video Downloader! How do you feel about it?
      Maybe you have an idea for improvement or want to report a bug? Please
      consider sending us a feedback message...
    
    </b-notification-stub>
     
    <div
      class="centered"
    >
      <b-button-stub
        class="btn"
        data-az-l="test-value"
        disabled="true"
        id="feedback-btn"
        outlined=""
        rounded=""
        size="is-large"
        type="is-primary"
      >
        
        Send feedback
      
      </b-button-stub>
    </div>
  </div>
</section>
`;
