// Jest Snapshot v1, https://goo.gl/fbAQLP

exports[`options/options Should render correctly 1`] = `
<section
  class="content"
>
  <div
    class="centered"
  >
    <img />
    <h1
      class="title"
    >
      LinkedIn Video Downloader
    </h1>
  </div>
  <div
    class="option"
  >
    <div
      class="option-title"
    >
      Button's vertical position:
    </div>
    <div>
      <div
        label="Top"
        modelvalue="top"
        name="button-position-vertical"
        value="top"
      >
        it-radio
      </div>
      <div
        label="Bottom"
        modelvalue="top"
        name="button-position-vertical"
        value="bottom"
      >
        it-radio
      </div>
    </div>
  </div>
  <div
    class="option"
  >
    <div
      class="option-title"
    >
      Button's horizontal position:
    </div>
    <div>
      <div
        label="Left"
        modelvalue="left"
        name="button-position-horizontal"
        value="left"
      >
        it-radio
      </div>
      <div
        label="Right"
        modelvalue="left"
        name="button-position-horizontal"
        value="right"
      >
        it-radio
      </div>
    </div>
  </div>
  <div
    class="option"
  >
    <div
      class="option-title"
    >
      Filename:
    </div>
    <div
      modelvalue="linkedin-video"
      name="filename-input"
    >
      it-input
    </div>
  </div>
  <div
    class="btn center"
    disabled="true"
    outlined=""
    type="primary"
  >
    it-button
  </div>
</section>
`;
